// Jest Snapshot v1, https://goo.gl/fbAQLP

exports[`Actions page renders 1`] = `[Function]`;
