// Jest Snapshot v1, https://goo.gl/fbAQLP

exports[`Page / should render 1`] = `ShallowWrapper {}`;
