// Jest Snapshot v1, https://goo.gl/fbAQLP

exports[`About us page renders 1`] = `[Function]`;
